# achiran normal 2000x1700 tiles=3400000 chunks=831 hash=0x0aff25074334496e land=1149943 manifest_land=1149943 OK
# achiran 4x 1000x850 tiles=850000 chunks=208 hash=0x390cef07cebbc8c5 land=284422 manifest_land=284422 OK
# achiran 16x 500x425 tiles=212500 chunks=52 hash=0xe9b42b3302de71d3 land=69860 manifest_land=69860 OK
# aegean normal 1700x2000 tiles=3400000 chunks=831 hash=0x9c0700c59184f9ee land=1171283 manifest_land=1171283 OK
# aegean 4x 850x1000 tiles=850000 chunks=208 hash=0x3af50eba88118959 land=284992 manifest_land=284992 OK
# aegean 16x 425x500 tiles=212500 chunks=52 hash=0xfd92229d53f4b37b land=68047 manifest_land=68047 OK
# africa normal 1948x2032 tiles=3958336 chunks=967 hash=0x454b9014256ce9b1 land=2183279 manifest_land=2183279 OK
# africa 4x 974x1016 tiles=989584 chunks=242 hash=0x219ab7f1bbec9719 land=537561 manifest_land=537561 OK
# africa 16x 487x508 tiles=247396 chunks=61 hash=0xafa92c0b827d3141 land=130741 manifest_land=130741 OK
# alps normal 2000x1836 tiles=3672000 chunks=897 hash=0x75bc7b39c2a203d3 land=3672000 manifest_land=3672000 OK
# alps 4x 1000x918 tiles=918000 chunks=225 hash=0x23dde39a14c48cf1 land=918000 manifest_land=918000 OK
# alps 16x 500x459 tiles=229500 chunks=57 hash=0x7adcf1a4cb369ff1 land=229500 manifest_land=229500 OK
# amazonriver normal 5536x276 tiles=1527936 chunks=374 hash=0x33baa1a1185d6d2c land=1150819 manifest_land=1150819 OK
# amazonriver 4x 2768x138 tiles=381984 chunks=94 hash=0xc41175bcd15b89e5 land=284639 manifest_land=284639 OK
# amazonriver 16x 1384x69 tiles=95496 chunks=24 hash=0x2958e6240b98fc8b land=69687 manifest_land=69687 OK
# antarctica normal 2000x2000 tiles=4000000 chunks=977 hash=0x70ea2b340a16549a land=1292228 manifest_land=1292228 OK
# antarctica 4x 1000x1000 tiles=1000000 chunks=245 hash=0x8caba74d0bf510ac land=320356 manifest_land=320356 OK
# antarctica 16x 500x500 tiles=250000 chunks=62 hash=0x59b2caae436eae12 land=79002 manifest_land=79002 OK
# archipelagosea normal 3100x1508 tiles=4674800 chunks=1142 hash=0xd3db828a0ca9a101 land=287155 manifest_land=287155 OK
# archipelagosea 4x 1550x754 tiles=1168700 chunks=286 hash=0x3548842f02cb47eb land=52779 manifest_land=52779 OK
# archipelagosea 16x 775x377 tiles=292175 chunks=72 hash=0xc47d388b2ba3184b land=9586 manifest_land=9586 OK
# arctic normal 1828x1828 tiles=3341584 chunks=816 hash=0xb6bc4590f46da168 land=1679064 manifest_land=1679064 OK
# arctic 4x 914x914 tiles=835396 chunks=204 hash=0xb71b2e5892c20c10 land=409202 manifest_land=409202 OK
# arctic 16x 457x457 tiles=208849 chunks=51 hash=0x71a7814b289f9327 land=97905 manifest_land=97905 OK
# asia normal 2000x1200 tiles=2400000 chunks=586 hash=0xe2b59d18799a7035 land=1079855 manifest_land=1079855 OK
# asia 4x 1000x600 tiles=600000 chunks=147 hash=0x488c535cf0b54635 land=265625 manifest_land=265625 OK
# asia 16x 500x300 tiles=150000 chunks=37 hash=0x172cd7905c727732 land=64855 manifest_land=64855 OK
# australia normal 2000x1500 tiles=3000000 chunks=733 hash=0x85ef94f720474671 land=1319763 manifest_land=1319763 OK
# australia 4x 1000x750 tiles=750000 chunks=184 hash=0x9e9bdbd626d7f029 land=328153 manifest_land=328153 OK
# australia 16x 500x375 tiles=187500 chunks=46 hash=0x5885fdbc13b8ce90 land=81252 manifest_land=81252 OK
# baikal normal 2500x1564 tiles=3910000 chunks=955 hash=0x0e1b5f6225dadbe5 land=2181746 manifest_land=2181746 OK
# baikal 4x 1250x782 tiles=977500 chunks=239 hash=0xacc45b04a1ba611d land=540826 manifest_land=540826 OK
# baikal 16x 625x391 tiles=244375 chunks=60 hash=0xa0e393a4fd3b2aa8 land=133081 manifest_land=133081 OK
# baikalnukewars normal 2500x1564 tiles=3910000 chunks=955 hash=0xed13c12052bbaf26 land=1968430 manifest_land=1968430 OK
# baikalnukewars 4x 1250x782 tiles=977500 chunks=239 hash=0x498cdc6fb57487cc land=488323 manifest_land=488323 OK
# baikalnukewars 16x 625x391 tiles=244375 chunks=60 hash=0x745b10fce2c276b7 land=120322 manifest_land=120322 OK
# bajacalifornia normal 1800x2120 tiles=3816000 chunks=932 hash=0xa38782c585b68b29 land=1345295 manifest_land=1345295 OK
# bajacalifornia 4x 900x1060 tiles=954000 chunks=233 hash=0x9484b41358b4cd73 land=331582 manifest_land=331582 OK
# bajacalifornia 16x 450x530 tiles=238500 chunks=59 hash=0x03e7a8cf07dd1105 land=80847 manifest_land=80847 OK
# balkans normal 2048x2048 tiles=4194304 chunks=1024 hash=0x99c0b68a2bbe3e0f land=2478805 manifest_land=2478805 OK
# balkans 4x 1024x1024 tiles=1048576 chunks=256 hash=0x800265743afa5255 land=610629 manifest_land=610629 OK
# balkans 16x 512x512 tiles=262144 chunks=64 hash=0x6682fc8f44591fe1 land=148759 manifest_land=148759 OK
# beringsea normal 2500x1600 tiles=4000000 chunks=977 hash=0x1eaaaad13c582186 land=1615723 manifest_land=1615723 OK
# beringsea 4x 1250x800 tiles=1000000 chunks=245 hash=0xe7ce0faae9e95f35 land=396641 manifest_land=396641 OK
# beringsea 16x 625x400 tiles=250000 chunks=62 hash=0x0e095488f974900f land=96248 manifest_land=96248 OK
# beringstrait normal 1500x916 tiles=1374000 chunks=336 hash=0x811652ec75431662 land=596318 manifest_land=596318 OK
# beringstrait 4x 750x458 tiles=343500 chunks=84 hash=0x7ffc2abbe9318c78 land=146676 manifest_land=146676 OK
# beringstrait 16x 375x229 tiles=85875 chunks=21 hash=0x711daf4752859d04 land=35566 manifest_land=35566 OK
# betweentwoseas normal 1776x1060 tiles=1882560 chunks=460 hash=0x3eb68d7f1f5bfbc5 land=1478803 manifest_land=1478803 OK
# betweentwoseas 4x 888x530 tiles=470640 chunks=115 hash=0x5f6628d28767ae79 land=364078 manifest_land=364078 OK
# betweentwoseas 16x 444x265 tiles=117660 chunks=29 hash=0xbff9078186a77244 land=88486 manifest_land=88486 OK
# blacksea normal 1500x1100 tiles=1650000 chunks=403 hash=0x06456e960d8d6959 land=1165868 manifest_land=1165868 OK
# blacksea 4x 750x550 tiles=412500 chunks=101 hash=0x9d5c27d62deb8c14 land=285772 manifest_land=285772 OK
# blacksea 16x 375x275 tiles=103125 chunks=26 hash=0x347f05607dbe9f3a land=68961 manifest_land=68961 OK
# bosphorusstraits normal 1000x612 tiles=612000 chunks=150 hash=0x8ea730dab4512a83 land=382332 manifest_land=382332 OK
# bosphorusstraits 4x 500x306 tiles=153000 chunks=38 hash=0x0da32ce40eabfa2b land=93711 manifest_land=93711 OK
# bosphorusstraits 16x 250x153 tiles=38250 chunks=10 hash=0xb8935b22699d306e land=22523 manifest_land=22523 OK
# britannia normal 1600x2088 tiles=3340800 chunks=816 hash=0x231f3206b12585c4 land=1183898 manifest_land=1183898 OK
# britannia 4x 800x1044 tiles=835200 chunks=204 hash=0x8963b730130b8202 land=290479 manifest_land=290479 OK
# britannia 16x 400x522 tiles=208800 chunks=51 hash=0x19a4b493230a1cb0 land=70110 manifest_land=70110 OK
# britanniaclassic normal 2000x1396 tiles=2792000 chunks=682 hash=0xd73fe95ad18f4739 land=933571 manifest_land=933571 OK
# britanniaclassic 4x 1000x698 tiles=698000 chunks=171 hash=0xb5e005b133b57f5c land=228703 manifest_land=228703 OK
# britanniaclassic 16x 500x349 tiles=174500 chunks=43 hash=0x42d2045528da9d1a land=54968 manifest_land=54968 OK
# caribbean normal 3200x1808 tiles=5785600 chunks=1413 hash=0xd07f95cf650eec4a land=577573 manifest_land=577573 OK
# caribbean 4x 1600x904 tiles=1446400 chunks=354 hash=0xbeb2eb66b5c32d9b land=138280 manifest_land=138280 OK
# caribbean 16x 800x452 tiles=361600 chunks=89 hash=0xb6ef1d9fc8ef223f land=32566 manifest_land=32566 OK
# caspiansea normal 1008x1728 tiles=1741824 chunks=426 hash=0xc89ddc80deabf298 land=951192 manifest_land=951192 OK
# caspiansea 4x 504x864 tiles=435456 chunks=107 hash=0xa883feaa6b100f32 land=235925 manifest_land=235925 OK
# caspiansea 16x 252x432 tiles=108864 chunks=27 hash=0x0cf4df555fe4a9d7 land=58158 manifest_land=58158 OK
# caucasus normal 1248x1000 tiles=1248000 chunks=305 hash=0x36d680bf4209231c land=846140 manifest_land=846140 OK
# caucasus 4x 624x500 tiles=312000 chunks=77 hash=0x518fa1702118530d land=209226 manifest_land=209226 OK
# caucasus 16x 312x250 tiles=78000 chunks=20 hash=0xa755a807892c0f90 land=51199 manifest_land=51199 OK
# china normal 2080x1892 tiles=3935360 chunks=961 hash=0x513241d9d838f3a6 land=3344522 manifest_land=1867569 OK
# china 4x 1040x946 tiles=983840 chunks=241 hash=0xd580f45882b107f1 land=827098 manifest_land=461246 OK
# china 16x 520x473 tiles=245960 chunks=61 hash=0x3282f432c5055ad5 land=202517 manifest_land=112651 OK
# choppingblock normal 1616x1616 tiles=2611456 chunks=638 hash=0x8349b917e20753d3 land=1485703 manifest_land=1485703 OK
# choppingblock 4x 808x808 tiles=652864 chunks=160 hash=0xf5e5833373f72d70 land=364395 manifest_land=364395 OK
# choppingblock 16x 404x404 tiles=163216 chunks=40 hash=0xd87af9f0748770fd land=87035 manifest_land=87035 OK
# conakry normal 2456x1000 tiles=2456000 chunks=600 hash=0xc3eff4a6b55791c3 land=1108371 manifest_land=1108371 OK
# conakry 4x 1228x500 tiles=614000 chunks=150 hash=0xaf0d6fc7295038b6 land=272605 manifest_land=272605 OK
# conakry 16x 614x250 tiles=153500 chunks=38 hash=0xf5489d8f96d789a9 land=65998 manifest_land=65998 OK
# danishstraits normal 872x1224 tiles=1067328 chunks=261 hash=0x7820033d5bee5813 land=587312 manifest_land=587312 OK
# danishstraits 4x 436x612 tiles=266832 chunks=66 hash=0xbefc002985f2ac02 land=142124 manifest_land=142124 OK
# danishstraits 16x 218x306 tiles=66708 chunks=17 hash=0xeb870ae13eae034e land=33817 manifest_land=33817 OK
# deglaciatedantarctica normal 2300x1840 tiles=4232000 chunks=1034 hash=0xe0793d07e1289dfa land=1079790 manifest_land=1079790 OK
# deglaciatedantarctica 4x 1150x920 tiles=1058000 chunks=259 hash=0xe450e3048469aee3 land=261659 manifest_land=261659 OK
# deglaciatedantarctica 16x 575x460 tiles=264500 chunks=65 hash=0x3f79924c98c601dd land=62082 manifest_land=62082 OK
# didier normal 1500x1348 tiles=2022000 chunks=494 hash=0x37b198e30eafd36d land=1122321 manifest_land=1122321 OK
# didier 4x 750x674 tiles=505500 chunks=124 hash=0x032d357e312b33b2 land=278357 manifest_land=278357 OK
# didier 16x 375x337 tiles=126375 chunks=31 hash=0x767737b5cc63635f land=68539 manifest_land=68539 OK
# didierfrance normal 2100x2248 tiles=4720800 chunks=1153 hash=0x8334759d56e1aa3a land=2303633 manifest_land=2303633 OK
# didierfrance 4x 1050x1124 tiles=1180200 chunks=289 hash=0x51a1e9b2df426af9 land=571849 manifest_land=571849 OK
# didierfrance 16x 525x562 tiles=295050 chunks=73 hash=0xdb81a25fdfbc87ac land=141149 manifest_land=141149 OK
# dyslexdria normal 3080x1344 tiles=4139520 chunks=1011 hash=0x72413cc683385a04 land=1893666 manifest_land=1893666 OK
# dyslexdria 4x 1540x672 tiles=1034880 chunks=253 hash=0x3ef8e259a67e97d0 land=458343 manifest_land=458343 OK
# dyslexdria 16x 770x336 tiles=258720 chunks=64 hash=0x13b5a31a86102e55 land=108442 manifest_land=108442 OK
# eastasia normal 1560x1644 tiles=2564640 chunks=627 hash=0x717e72e9b1abed63 land=879264 manifest_land=879264 OK
# eastasia 4x 780x822 tiles=641160 chunks=157 hash=0x20e3bb64fcaf2f81 land=214937 manifest_land=214937 OK
# eastasia 16x 390x411 tiles=160290 chunks=40 hash=0xdac3eadd1ecc564d land=51649 manifest_land=51649 OK
# europe normal 2904x1672 tiles=4855488 chunks=1186 hash=0x51959f0acc2f82ba land=2345907 manifest_land=2345907 OK
# europe 4x 1452x836 tiles=1213872 chunks=297 hash=0x026bad3c092c2e5c land=568335 manifest_land=568335 OK
# europe 16x 726x418 tiles=303468 chunks=75 hash=0xa9c4b3cbb73239dc land=134751 manifest_land=134751 OK
# europeclassic normal 2000x1000 tiles=2000000 chunks=489 hash=0x20f95d0114d2a48a land=1008469 manifest_land=1008469 OK
# europeclassic 4x 1000x500 tiles=500000 chunks=123 hash=0x312399d552f98159 land=248492 manifest_land=248492 OK
# europeclassic 16x 500x250 tiles=125000 chunks=31 hash=0x7111221c994b780b land=60624 manifest_land=60624 OK
# falklandislands normal 2100x1400 tiles=2940000 chunks=718 hash=0x7e8ca13eff112a91 land=746474 manifest_land=746474 OK
# falklandislands 4x 1050x700 tiles=735000 chunks=180 hash=0xe09816c43136fcc0 land=178970 manifest_land=178970 OK
# falklandislands 16x 525x350 tiles=183750 chunks=45 hash=0x600b6f5503cce934 land=42072 manifest_land=42072 OK
# faroeislands normal 1600x2000 tiles=3200000 chunks=782 hash=0xbd9f4589ceeb7e90 land=424994 manifest_land=424994 OK
# faroeislands 4x 800x1000 tiles=800000 chunks=196 hash=0x61aa61267235167c land=103090 manifest_land=103090 OK
# faroeislands 16x 400x500 tiles=200000 chunks=49 hash=0x1538e48e87663df9 land=24378 manifest_land=24378 OK
# fourislands normal 1500x1500 tiles=2250000 chunks=550 hash=0xe3213cbb88e84745 land=517044 manifest_land=517044 OK
# fourislands 4x 750x750 tiles=562500 chunks=138 hash=0xae85b04a070382c9 land=127635 manifest_land=127635 OK
# fourislands 16x 375x375 tiles=140625 chunks=35 hash=0x76f0d48a451b9151 land=31134 manifest_land=31134 OK
# gatewaytotheatlantic normal 2216x1968 tiles=4361088 chunks=1065 hash=0x76eafdf188236a11 land=2239824 manifest_land=2239824 OK
# gatewaytotheatlantic 4x 1108x984 tiles=1090272 chunks=267 hash=0x47cff8d25544a6f3 land=554984 manifest_land=554984 OK
# gatewaytotheatlantic 16x 554x492 tiles=272568 chunks=67 hash=0xd405424f31aaa613 land=136293 manifest_land=136293 OK
# giantworldmap normal 4108x1948 tiles=8002384 chunks=1954 hash=0xb2f4fcf9ca6ec115 land=2335403 manifest_land=2335403 OK
# giantworldmap 4x 2054x974 tiles=2000596 chunks=489 hash=0x0b698df18ac051aa land=563303 manifest_land=563303 OK
# giantworldmap 16x 1027x487 tiles=500149 chunks=123 hash=0xe5ea2bfa423beeb9 land=132766 manifest_land=132766 OK
# greatlakes normal 2000x1300 tiles=2600000 chunks=635 hash=0xd858bdae5fd9d363 land=1938051 manifest_land=1938051 OK
# greatlakes 4x 1000x650 tiles=650000 chunks=159 hash=0x56bd35f9965c1b2a land=476259 manifest_land=476259 OK
# greatlakes 16x 500x325 tiles=162500 chunks=40 hash=0x41413f0dede096af land=115497 manifest_land=115497 OK
# gulfofstlawrence normal 1620x1348 tiles=2183760 chunks=534 hash=0x1688ea5106416086 land=874011 manifest_land=874011 OK
# gulfofstlawrence 4x 810x674 tiles=545940 chunks=134 hash=0x1e30bc7ec6468149 land=212526 manifest_land=212526 OK
# gulfofstlawrence 16x 405x337 tiles=136485 chunks=34 hash=0x4dcd6cef02421e19 land=50845 manifest_land=50845 OK
# halkidiki normal 2200x1760 tiles=3872000 chunks=946 hash=0xa1dbd087c3816b49 land=1728899 manifest_land=1728899 OK
# halkidiki 4x 1100x880 tiles=968000 chunks=237 hash=0x062e31a309b2bb44 land=427883 manifest_land=427883 OK
# halkidiki 16x 550x440 tiles=242000 chunks=60 hash=0x70e369497e0bb217 land=105020 manifest_land=105020 OK
# hawaii normal 3200x2076 tiles=6643200 chunks=1622 hash=0x8494cf163acd0dcc land=408264 manifest_land=408264 OK
# hawaii 4x 1600x1038 tiles=1660800 chunks=406 hash=0x93eec15fa93ae1e7 land=100951 manifest_land=100951 OK
# hawaii 16x 800x519 tiles=415200 chunks=102 hash=0x80a8df9b4e81dc3d land=24703 manifest_land=24703 OK
# hongkong normal 2780x1996 tiles=5548880 chunks=1355 hash=0x6bafbddbed53b841 land=2260689 manifest_land=2260689 OK
# hongkong 4x 1390x998 tiles=1387220 chunks=339 hash=0xbcf253fa53b8b3d0 land=557907 manifest_land=557907 OK
# hongkong 16x 695x499 tiles=346805 chunks=85 hash=0x64b1d914e34f646e land=136157 manifest_land=136157 OK
# iceland normal 2000x1500 tiles=3000000 chunks=733 hash=0x7d400c9d5896eabb land=1069645 manifest_land=1069645 OK
# iceland 4x 1000x750 tiles=750000 chunks=184 hash=0x420668f07f248f16 land=264736 manifest_land=264736 OK
# iceland 16x 500x375 tiles=187500 chunks=46 hash=0x850ebf9193a3ddf1 land=64964 manifest_land=64964 OK
# indiansubcontinent normal 2000x2220 tiles=4440000 chunks=1084 hash=0xa4a73db56a455b76 land=2113509 manifest_land=2113509 OK
# indiansubcontinent 4x 1000x1110 tiles=1110000 chunks=271 hash=0x3180a58c74e2ae7e land=519188 manifest_land=519188 OK
# indiansubcontinent 16x 500x555 tiles=277500 chunks=68 hash=0x8870064bbc86ea1b land=125915 manifest_land=125915 OK
# italia normal 1360x1272 tiles=1729920 chunks=423 hash=0x7d2410ce72bac2b2 land=775663 manifest_land=775663 OK
# italia 4x 680x636 tiles=432480 chunks=106 hash=0xdaae0768a3762f08 land=191249 manifest_land=191249 OK
# italia 16x 340x318 tiles=108120 chunks=27 hash=0xfad9b6d934bc976c land=46701 manifest_land=46701 OK
# japan normal 2500x2500 tiles=6250000 chunks=1526 hash=0x75c045a78ae690ae land=478894 manifest_land=478894 OK
# japan 4x 1250x1250 tiles=1562500 chunks=382 hash=0xd5d549f48d2cc063 land=116922 manifest_land=116922 OK
# japan 16x 625x625 tiles=390625 chunks=96 hash=0xfcd4c7d62ee5580c land=28027 manifest_land=28027 OK
# juandefucastrait normal 3000x1100 tiles=3300000 chunks=806 hash=0x27c31912b6ebdd38 land=1666141 manifest_land=1666141 OK
# juandefucastrait 4x 1500x550 tiles=825000 chunks=202 hash=0x1713f56f052df561 land=410851 manifest_land=410851 OK
# juandefucastrait 16x 750x275 tiles=206250 chunks=51 hash=0x480bfe24bdab2b99 land=100385 manifest_land=100385 OK
# korea normal 1092x2148 tiles=2345616 chunks=573 hash=0xdfcfe7ce123a7137 land=1193914 manifest_land=1193914 OK
# korea 4x 546x1074 tiles=586404 chunks=144 hash=0x3ebc574eeb9a640a land=294064 manifest_land=294064 OK
# korea 16x 273x537 tiles=146601 chunks=36 hash=0x071ffa7ca18dc980 land=71922 manifest_land=71922 OK
# labyrinth normal 1360x1360 tiles=1849600 chunks=452 hash=0x7c58ecbeaf37ae7c land=1524448 manifest_land=1524448 OK
# labyrinth 4x 680x680 tiles=462400 chunks=113 hash=0x9e273cc004f7a34a land=372162 manifest_land=372162 OK
# labyrinth 16x 340x340 tiles=115600 chunks=29 hash=0x3576726c9fcde495 land=88437 manifest_land=88437 OK
# lemnos normal 1748x1420 tiles=2482160 chunks=606 hash=0x71e51282fc741b2f land=874763 manifest_land=874763 OK
# lemnos 4x 874x710 tiles=620540 chunks=152 hash=0xc453d709251cf749 land=216496 manifest_land=216496 OK
# lemnos 16x 437x355 tiles=155135 chunks=38 hash=0x807d39d31266fbd7 land=53102 manifest_land=53102 OK
# levant normal 2000x2000 tiles=4000000 chunks=977 hash=0xe6875178c53f9840 land=2173100 manifest_land=2173100 OK
# levant 4x 1000x1000 tiles=1000000 chunks=245 hash=0x45e21dc55f208d92 land=539922 manifest_land=539922 OK
# levant 16x 500x500 tiles=250000 chunks=62 hash=0x46f154d1ae0d26b6 land=133459 manifest_land=133459 OK
# lisbon normal 1600x1600 tiles=2560000 chunks=625 hash=0xa8399d1d18732f3d land=1495857 manifest_land=1495857 OK
# lisbon 4x 800x800 tiles=640000 chunks=157 hash=0xc3e44fd6c1e25876 land=369114 manifest_land=369114 OK
# lisbon 16x 400x400 tiles=160000 chunks=40 hash=0x0df497cee5be9c35 land=90186 manifest_land=90186 OK
# losangeles normal 1800x2276 tiles=4096800 chunks=1001 hash=0xbcb28f6454d3176f land=2066165 manifest_land=2055581 OK
# losangeles 4x 900x1138 tiles=1024200 chunks=251 hash=0x04098be998b110f5 land=508396 manifest_land=505680 OK
# losangeles 16x 450x569 tiles=256050 chunks=63 hash=0xe26215dd8260f8e1 land=123162 manifest_land=122366 OK
# luna normal 1308x3508 tiles=4588464 chunks=1121 hash=0x6eae9ad7f8036c29 land=1517614 manifest_land=1517614 OK
# luna 4x 654x1754 tiles=1147116 chunks=281 hash=0x9668c084ae0fad8d land=363006 manifest_land=363006 OK
# luna 16x 327x877 tiles=286779 chunks=71 hash=0xcf4758513eb1b72f land=84663 manifest_land=84663 OK
# manicouagan normal 1600x1600 tiles=2560000 chunks=625 hash=0xe9978f6e06263019 land=1992029 manifest_land=1992029 OK
# manicouagan 4x 800x800 tiles=640000 chunks=157 hash=0x4c8d373811a4784b land=489928 manifest_land=489928 OK
# manicouagan 16x 400x400 tiles=160000 chunks=40 hash=0x2c41969483f4b802 land=118914 manifest_land=118914 OK
# marenostrum normal 2848x1448 tiles=4123904 chunks=1007 hash=0x60e6ff672cdf3956 land=2644620 manifest_land=2644620 OK
# marenostrum 4x 1424x724 tiles=1030976 chunks=252 hash=0x6fdf162c88f6ca3f land=652112 manifest_land=652112 OK
# marenostrum 16x 712x362 tiles=257744 chunks=63 hash=0xfa785049d4303d9c land=159247 manifest_land=159247 OK
# mars normal 2000x1000 tiles=2000000 chunks=489 hash=0xd6a314b4a17b12e5 land=1354047 manifest_land=1354047 OK
# mars 4x 1000x500 tiles=500000 chunks=123 hash=0x6f4e8e7cc520601b land=335749 manifest_land=335749 OK
# mars 16x 500x250 tiles=125000 chunks=31 hash=0x46f413c299b986e3 land=82762 manifest_land=82762 OK
# mena normal 2200x964 tiles=2120800 chunks=518 hash=0x4bbda760adeb2ddb land=1621317 manifest_land=1621317 OK
# mena 4x 1100x482 tiles=530200 chunks=130 hash=0xf392ca32e35472e3 land=400304 manifest_land=400304 OK
# mena 16x 550x241 tiles=132550 chunks=33 hash=0x4f5515e2e8daa8ec land=97874 manifest_land=97874 OK
# middleeast normal 2200x2060 tiles=4532000 chunks=1107 hash=0x9248e8077e76f81a land=3449078 manifest_land=3449078 OK
# middleeast 4x 1100x1030 tiles=1133000 chunks=277 hash=0x05c2ffd577cf4e5f land=856603 manifest_land=856603 OK
# middleeast 16x 550x515 tiles=283250 chunks=70 hash=0xbff13e076b78588f land=211600 manifest_land=211600 OK
# milkyway normal 1500x1500 tiles=2250000 chunks=550 hash=0x25ac051c17d102b7 land=442979 manifest_land=442979 OK
# milkyway 4x 750x750 tiles=562500 chunks=138 hash=0xbf9e17a5af565c01 land=105978 manifest_land=105978 OK
# milkyway 16x 375x375 tiles=140625 chunks=35 hash=0x8f83f26fe2753bcc land=24777 manifest_land=24777 OK
# mississippiriver normal 400x4200 tiles=1680000 chunks=411 hash=0xf5e08e3a1153b82a land=1500944 manifest_land=1500944 OK
# mississippiriver 4x 200x2100 tiles=420000 chunks=103 hash=0x3e57c6860e06d7a9 land=370175 manifest_land=370175 OK
# mississippiriver 16x 100x1050 tiles=105000 chunks=26 hash=0xd36e58f33adf95f0 land=90334 manifest_land=90334 OK
# montreal normal 1528x1500 tiles=2292000 chunks=560 hash=0x535d1b2d3c092bb5 land=1954940 manifest_land=1954940 OK
# montreal 4x 764x750 tiles=573000 chunks=140 hash=0x81f6d783b4ffcbf0 land=483571 manifest_land=483571 OK
# montreal 16x 382x375 tiles=143250 chunks=35 hash=0x16cb3e4759897246 land=118554 manifest_land=118554 OK
# newyorkcity normal 1500x1900 tiles=2850000 chunks=696 hash=0x17500bcbf80f02ad land=1648646 manifest_land=1648646 OK
# newyorkcity 4x 750x950 tiles=712500 chunks=174 hash=0x8a0ac52f544e54d1 land=406215 manifest_land=406215 OK
# newyorkcity 16x 375x475 tiles=178125 chunks=44 hash=0x53016d8c6eed6989 land=98783 manifest_land=98783 OK
# niledelta normal 1556x1280 tiles=1991680 chunks=487 hash=0x2d0f190631488004 land=1363238 manifest_land=1363238 OK
# niledelta 4x 778x640 tiles=497920 chunks=122 hash=0xf17db09f787e21f8 land=336925 manifest_land=336925 OK
# niledelta 16x 389x320 tiles=124480 chunks=31 hash=0xf4f509218d026515 land=82733 manifest_land=82733 OK
# northamerica normal 2800x1448 tiles=4054400 chunks=990 hash=0x9c36e813c33861a2 land=1243929 manifest_land=1243929 OK
# northamerica 4x 1400x724 tiles=1013600 chunks=248 hash=0x6b0ea23efaa3290f land=294494 manifest_land=294494 OK
# northamerica 16x 700x362 tiles=253400 chunks=62 hash=0xc2c56ce6aa6450ef land=67500 manifest_land=67500 OK
# northwestpassage normal 2500x1664 tiles=4160000 chunks=1016 hash=0xf1fc1feaad0e78c7 land=1569905 manifest_land=1569905 OK
# northwestpassage 4x 1250x832 tiles=1040000 chunks=254 hash=0xb6cfed49c8cf43c9 land=379907 manifest_land=379907 OK
# northwestpassage 16x 625x416 tiles=260000 chunks=64 hash=0xc203aa6dd032b2e2 land=89831 manifest_land=89831 OK
# oceania normal 2000x1000 tiles=2000000 chunks=489 hash=0xbcf9688cbd4d8d62 land=194648 manifest_land=194648 OK
# oceania 4x 1000x500 tiles=500000 chunks=123 hash=0x4156cf6a9b717bc8 land=46259 manifest_land=46259 OK
# oceania 16x 500x250 tiles=125000 chunks=31 hash=0x40d5cdab65cdd971 land=10846 manifest_land=10846 OK
# onion normal 512x512 tiles=262144 chunks=64 hash=0x98dc7bbacf48d031 land=210555 manifest_land=210555 OK
# onion 4x 256x256 tiles=65536 chunks=16 hash=0x6b63b1d523c8cfe3 land=51713 manifest_land=51713 OK
# onion 16x 128x128 tiles=16384 chunks=4 hash=0x1ac4f32e63debe9b land=12499 manifest_land=12499 OK
# pangaea normal 1000x1000 tiles=1000000 chunks=245 hash=0xebffa87c2568cc58 land=420335 manifest_land=420335 OK
# pangaea 4x 500x500 tiles=250000 chunks=62 hash=0x853a1f93775b09b0 land=102211 manifest_land=102211 OK
# pangaea 16x 250x250 tiles=62500 chunks=16 hash=0x2c6e9087a8078874 land=24365 manifest_land=24365 OK
# passage normal 6000x400 tiles=2400000 chunks=586 hash=0x0e5e8aedd528e1fc land=803994 manifest_land=803994 OK
# passage 4x 3000x200 tiles=600000 chunks=147 hash=0xf064251490a132d1 land=195716 manifest_land=195716 OK
# passage 16x 1500x100 tiles=150000 chunks=37 hash=0x99fbae5d3b7b9bf6 land=46344 manifest_land=46344 OK
# pluto normal 2100x1300 tiles=2730000 chunks=667 hash=0x15e842ba9e37eef3 land=1987279 manifest_land=1987279 OK
# pluto 4x 1050x650 tiles=682500 chunks=167 hash=0xf37b55599b0f14b9 land=489070 manifest_land=489070 OK
# pluto 16x 525x325 tiles=170625 chunks=42 hash=0xc3e30096a3fe5c6e land=118923 manifest_land=118923 OK
# sanfrancisco normal 2000x1700 tiles=3400000 chunks=831 hash=0xf5569d1240ae6dea land=1887961 manifest_land=1887961 OK
# sanfrancisco 4x 1000x850 tiles=850000 chunks=208 hash=0x6a96b46a90623951 land=464870 manifest_land=464870 OK
# sanfrancisco 16x 500x425 tiles=212500 chunks=52 hash=0xcc16a5c4372f8a39 land=112962 manifest_land=112962 OK
# sierpinski normal 1400x1400 tiles=1960000 chunks=479 hash=0xa6949aeed24d459d land=582988 manifest_land=582988 OK
# sierpinski 4x 700x700 tiles=490000 chunks=120 hash=0xe6ad427e1dd8bd55 land=143268 manifest_land=143268 OK
# sierpinski 16x 350x350 tiles=122500 chunks=30 hash=0x4f5e2af1d54e27e5 land=34656 manifest_land=34656 OK
# southamerica normal 1744x2376 tiles=4143744 chunks=1012 hash=0x4afb8cf93f47702d land=1411064 manifest_land=1411064 OK
# southamerica 4x 872x1188 tiles=1035936 chunks=253 hash=0xc0a9e46342fd0008 land=342275 manifest_land=342275 OK
# southamerica 16x 436x594 tiles=258984 chunks=64 hash=0x1e4a8145b290a8a3 land=81160 manifest_land=81160 OK
# southeastasia normal 2812x1672 tiles=4701664 chunks=1148 hash=0xad3181897acb2fa4 land=977094 manifest_land=977094 OK
# southeastasia 4x 1406x836 tiles=1175416 chunks=287 hash=0xb0aae5bf5b4d707f land=235008 manifest_land=235008 OK
# southeastasia 16x 703x418 tiles=293854 chunks=72 hash=0xd5e2630b2bba1aed land=55472 manifest_land=55472 OK
# straitofgibraltar normal 2900x1476 tiles=4280400 chunks=1046 hash=0xcf6394479f8a587d land=1957694 manifest_land=1957694 OK
# straitofgibraltar 4x 1450x738 tiles=1070100 chunks=262 hash=0x51149f689a3afdec land=486917 manifest_land=486917 OK
# straitofgibraltar 16x 725x369 tiles=267525 chunks=66 hash=0xe5d7a3a1b9da92c4 land=120614 manifest_land=120614 OK
# straitofhormuz normal 1800x1200 tiles=2160000 chunks=528 hash=0x1e31b7e3873b8a36 land=1255327 manifest_land=1255327 OK
# straitofhormuz 4x 900x600 tiles=540000 chunks=132 hash=0x6b97c72e03772ba9 land=312041 manifest_land=312041 OK
# straitofhormuz 16x 450x300 tiles=135000 chunks=33 hash=0x61150ac381639e88 land=77223 manifest_land=77223 OK
# straitofmalacca normal 1832x1644 tiles=3011808 chunks=736 hash=0xf8166c02d20e905c land=865820 manifest_land=865820 OK
# straitofmalacca 4x 916x822 tiles=752952 chunks=184 hash=0x1ff66ee57b2999e5 land=211494 manifest_land=211494 OK
# straitofmalacca 16x 458x411 tiles=188238 chunks=46 hash=0x83013accfa473279 land=50740 manifest_land=50740 OK
# surrounded normal 1976x1976 tiles=3904576 chunks=954 hash=0xe16d2e09da0f71d4 land=767607 manifest_land=767607 OK
# surrounded 4x 988x988 tiles=976144 chunks=239 hash=0x508755ded033cda3 land=188986 manifest_land=188986 OK
# surrounded 16x 494x494 tiles=244036 chunks=60 hash=0x1f4b82b887b5a0c1 land=45797 manifest_land=45797 OK
# svalmel normal 1700x1580 tiles=2686000 chunks=656 hash=0xd49acaed426ed3b3 land=1011623 manifest_land=1011623 OK
# svalmel 4x 850x790 tiles=671500 chunks=164 hash=0xe884c2e36d2dfcc5 land=248032 manifest_land=248032 OK
# svalmel 16x 425x395 tiles=167875 chunks=41 hash=0x64eb4db6d3f212f4 land=59683 manifest_land=59683 OK
# taiwanstrait normal 1600x1600 tiles=2560000 chunks=625 hash=0xdfd9a80843699974 land=907469 manifest_land=907469 OK
# taiwanstrait 4x 800x800 tiles=640000 chunks=157 hash=0xda0c5f11a4b686c2 land=224367 manifest_land=224367 OK
# taiwanstrait 16x 400x400 tiles=160000 chunks=40 hash=0x84959082bfba1b60 land=55147 manifest_land=55147 OK
# thebox normal 2048x2048 tiles=4194304 chunks=1024 hash=0xf1d8cf5294222325 land=4194304 manifest_land=4194304 OK
# thebox 4x 1024x1024 tiles=1048576 chunks=256 hash=0x24baa98008222325 land=1048576 manifest_land=1048576 OK
# thebox 16x 512x512 tiles=262144 chunks=64 hash=0x1719880b65222325 land=262144 manifest_land=262144 OK
# tierradelfuego normal 2504x1664 tiles=4166656 chunks=1018 hash=0x9e5aaf6138102df7 land=2193158 manifest_land=822917 OK
# tierradelfuego 4x 1252x832 tiles=1041664 chunks=255 hash=0x3796b707c687dac6 land=539051 manifest_land=197190 OK
# tierradelfuego 16x 626x416 tiles=260416 chunks=64 hash=0x166aa1a144a5d974 land=130957 manifest_land=45863 OK
# titan normal 1232x2160 tiles=2661120 chunks=650 hash=0x1e4d1996fe7f9b45 land=1627144 manifest_land=1627144 OK
# titan 4x 616x1080 tiles=665280 chunks=163 hash=0x79c34c4b6f70249b land=398688 manifest_land=398688 OK
# titan 16x 308x540 tiles=166320 chunks=41 hash=0x8e87d8480269bc79 land=96655 manifest_land=96655 OK
# tourney1 normal 1500x1500 tiles=2250000 chunks=550 hash=0x9666d90761219636 land=984577 manifest_land=984577 OK
# tourney1 4x 750x750 tiles=562500 chunks=138 hash=0x60cfeeaf9181f4eb land=244567 manifest_land=244567 OK
# tourney1 16x 375x375 tiles=140625 chunks=35 hash=0xa08943298553ba6b land=60237 manifest_land=60237 OK
# tourney2 normal 1500x1500 tiles=2250000 chunks=550 hash=0x82e7e0e3439d5fdc land=1024327 manifest_land=1024327 OK
# tourney2 4x 750x750 tiles=562500 chunks=138 hash=0xd8b47009901cb9fc land=254300 manifest_land=254300 OK
# tourney2 16x 375x375 tiles=140625 chunks=35 hash=0x56d4ee7b8436a974 land=62691 manifest_land=62691 OK
# tourney3 normal 1500x1500 tiles=2250000 chunks=550 hash=0x5d870e98cb065149 land=1008007 manifest_land=1008007 OK
# tourney3 4x 750x750 tiles=562500 chunks=138 hash=0x754d28c78e65d661 land=250191 manifest_land=250191 OK
# tourney3 16x 375x375 tiles=140625 chunks=35 hash=0xacf9094fd66f87ef land=61644 manifest_land=61644 OK
# tourney4 normal 1500x1500 tiles=2250000 chunks=550 hash=0xcc32b0818acde88a land=905705 manifest_land=905705 OK
# tourney4 4x 750x750 tiles=562500 chunks=138 hash=0x656615465cba0ccd land=224342 manifest_land=224342 OK
# tourney4 16x 375x375 tiles=140625 chunks=35 hash=0x5025383bddb07d56 land=54860 manifest_land=54860 OK
# tradersdream normal 2200x1920 tiles=4224000 chunks=1032 hash=0x768f4da073c5cd90 land=972041 manifest_land=972041 OK
# tradersdream 4x 1100x960 tiles=1056000 chunks=258 hash=0x25c5306951f4a9ee land=240669 manifest_land=240669 OK
# tradersdream 16x 550x480 tiles=264000 chunks=65 hash=0x674d0de3c5f1725f land=58992 manifest_land=58992 OK
# twolakes normal 2100x1840 tiles=3864000 chunks=944 hash=0x16ab7de976d5c525 land=3426935 manifest_land=3426935 OK
# twolakes 4x 1050x920 tiles=966000 chunks=236 hash=0x634e56a39a0ca20c land=853578 manifest_land=853578 OK
# twolakes 16x 525x460 tiles=241500 chunks=59 hash=0x636bf69365f0d52d land=211859 manifest_land=211859 OK
# unitedstates normal 2800x1548 tiles=4334400 chunks=1059 hash=0x0357b1ee80165d62 land=2585893 manifest_land=1868914 OK
# unitedstates 4x 1400x774 tiles=1083600 chunks=265 hash=0x02a764a7a6ca0061 land=634009 manifest_land=458417 OK
# unitedstates 16x 700x387 tiles=270900 chunks=67 hash=0x4b8d71c888f5b795 land=152988 manifest_land=110663 OK
# venice normal 2000x1500 tiles=3000000 chunks=733 hash=0xf5a72510a75bbb5a land=823860 manifest_land=823860 OK
# venice 4x 1000x750 tiles=750000 chunks=184 hash=0x5f7a95315331463a land=198423 manifest_land=198423 OK
# venice 16x 500x375 tiles=187500 chunks=46 hash=0x317a1be7a25b1e97 land=46052 manifest_land=46052 OK
# warshipwarship normal 3000x1396 tiles=4188000 chunks=1023 hash=0x27ec0ee2f3c05950 land=1122343 manifest_land=1122343 OK
# warshipwarship 4x 1500x698 tiles=1047000 chunks=256 hash=0x417bd5872c9f3b37 land=279822 manifest_land=279822 OK
# warshipwarship 16x 750x349 tiles=261750 chunks=64 hash=0x6653851245231f8a land=68553 manifest_land=68553 OK
# world normal 2000x1000 tiles=2000000 chunks=489 hash=0xf46bd55d2054841a land=651569 manifest_land=651569 OK
# world 4x 1000x500 tiles=500000 chunks=123 hash=0x5d20f2442658b8d6 land=158068 manifest_land=158068 OK
# world 16x 500x250 tiles=125000 chunks=31 hash=0x60c1526fdef44570 land=37575 manifest_land=37575 OK
# worldinverted normal 2500x1248 tiles=3120000 chunks=762 hash=0xc644359365e27974 land=1561762 manifest_land=1561762 OK
# worldinverted 4x 1250x624 tiles=780000 chunks=191 hash=0xa31396a9df10c554 land=381499 manifest_land=381499 OK
# worldinverted 16x 625x312 tiles=195000 chunks=48 hash=0x98fb25edaac44743 land=91870 manifest_land=91870 OK
# yellowsea normal 1500x1152 tiles=1728000 chunks=422 hash=0xf8cc06a9bc164a79 land=1042745 manifest_land=1042745 OK
# yellowsea 4x 750x576 tiles=432000 chunks=106 hash=0xf6795ec18aefa66b land=258545 manifest_land=258545 OK
# yellowsea 16x 375x288 tiles=108000 chunks=27 hash=0x327b366239475a1b land=63926 manifest_land=63926 OK
# yenisei normal 1200x1500 tiles=1800000 chunks=440 hash=0x6ee8fb77f99cb14a land=1207315 manifest_land=1207315 OK
# yenisei 4x 600x750 tiles=450000 chunks=110 hash=0xf32f5a849f98d0b0 land=294828 manifest_land=294828 OK
# yenisei 16x 300x375 tiles=112500 chunks=28 hash=0x7b601bb5c9fe3620 land=70740 manifest_land=70740 OK
sweep_pass 300 sweep_fail 0
