# achiran normal 2000x1700 tiles=3400000 chunks=831 hash=0x0aff25074334496e land=1149943 manifest_land=1149943 OK state=0x9c829c81396b1525 state_cpu=0x9c829c81396b1525 synth=0xf7f36371695eb2e5 synth_cpu=0xf7f36371695eb2e5
# aegean normal 1700x2000 tiles=3400000 chunks=831 hash=0x9c0700c59184f9ee land=1171283 manifest_land=1171283 OK state=0x9c829c81396b1525 state_cpu=0x9c829c81396b1525 synth=0xf7f36371695eb2e5 synth_cpu=0xf7f36371695eb2e5
# africa normal 1948x2032 tiles=3958336 chunks=967 hash=0x454b9014256ce9b1 land=2183279 manifest_land=2183279 OK state=0x40f83558aefedd25 state_cpu=0x40f83558aefedd25 synth=0xb5b82a37f0980d17 synth_cpu=0xb5b82a37f0980d17
# alps normal 2000x1836 tiles=3672000 chunks=897 hash=0x75bc7b39c2a203d3 land=3672000 manifest_land=3672000 OK state=0x86711c8fbab49925 state_cpu=0x86711c8fbab49925 synth=0xba04527d1eeebda8 synth_cpu=0xba04527d1eeebda8
# amazonriver normal 5536x276 tiles=1527936 chunks=374 hash=0x33baa1a1185d6d2c land=1150819 manifest_land=1150819 OK state=0x48277df643003725 state_cpu=0x48277df643003725 synth=0xeb5a5a7de881a7c5 synth_cpu=0xeb5a5a7de881a7c5
# antarctica normal 2000x2000 tiles=4000000 chunks=977 hash=0x70ea2b340a16549a land=1292228 manifest_land=1292228 OK state=0xbb2c88d651a68b25 state_cpu=0xbb2c88d651a68b25 synth=0x02e9e690bdb08904 synth_cpu=0x02e9e690bdb08904
# archipelagosea normal 3100x1508 tiles=4674800 chunks=1142 hash=0xd3db828a0ca9a101 land=287155 manifest_land=287155 OK state=0x42eb685cf602d8a5 state_cpu=0x42eb685cf602d8a5 synth=0xd282bab8eeedf3c5 synth_cpu=0xd282bab8eeedf3c5
# arctic normal 1828x1828 tiles=3341584 chunks=816 hash=0xb6bc4590f46da168 land=1679064 manifest_land=1679064 OK state=0xe3876cd1349d7da5 state_cpu=0xe3876cd1349d7da5 synth=0x4cbe0f36d46820d5 synth_cpu=0x4cbe0f36d46820d5
# asia normal 2000x1200 tiles=2400000 chunks=586 hash=0xe2b59d18799a7035 land=1079855 manifest_land=1079855 OK state=0x220acbc2c817fb25 state_cpu=0x220acbc2c817fb25 synth=0xa4f062641525674d synth_cpu=0xa4f062641525674d
# australia normal 2000x1500 tiles=3000000 chunks=733 hash=0x85ef94f720474671 land=1319763 manifest_land=1319763 OK state=0xb2b11c097f077125 state_cpu=0xb2b11c097f077125 synth=0x95426088ae783ca8 synth_cpu=0x95426088ae783ca8
# baikal normal 2500x1564 tiles=3910000 chunks=955 hash=0x0e1b5f6225dadbe5 land=2181746 manifest_land=2181746 OK state=0x19ffdfd678bb8ca5 state_cpu=0x19ffdfd678bb8ca5 synth=0x91a4783d389448f4 synth_cpu=0x91a4783d389448f4
# baikalnukewars normal 2500x1564 tiles=3910000 chunks=955 hash=0xed13c12052bbaf26 land=1968430 manifest_land=1968430 OK state=0x19ffdfd678bb8ca5 state_cpu=0x19ffdfd678bb8ca5 synth=0x91a4783d389448f4 synth_cpu=0x91a4783d389448f4
# bajacalifornia normal 1800x2120 tiles=3816000 chunks=932 hash=0xa38782c585b68b29 land=1345295 manifest_land=1345295 OK state=0xd0a5bd9c5763fd25 state_cpu=0xd0a5bd9c5763fd25 synth=0x1c8d2aef609a53fa synth_cpu=0x1c8d2aef609a53fa
# balkans normal 2048x2048 tiles=4194304 chunks=1024 hash=0x99c0b68a2bbe3e0f land=2478805 manifest_land=2478805 OK state=0x637a2df54e222325 state_cpu=0x637a2df54e222325 synth=0xb63211df99ea53ef synth_cpu=0xb63211df99ea53ef
# beringsea normal 2500x1600 tiles=4000000 chunks=977 hash=0x1eaaaad13c582186 land=1615723 manifest_land=1615723 OK state=0xbb2c88d651a68b25 state_cpu=0xbb2c88d651a68b25 synth=0x02e9e690bdb08904 synth_cpu=0x02e9e690bdb08904
# beringstrait normal 1500x916 tiles=1374000 chunks=336 hash=0x811652ec75431662 land=596318 manifest_land=596318 OK state=0x49b2ae9cad07f2a5 state_cpu=0x49b2ae9cad07f2a5 synth=0x413c4fb34d7f6708 synth_cpu=0x413c4fb34d7f6708
# betweentwoseas normal 1776x1060 tiles=1882560 chunks=460 hash=0x3eb68d7f1f5bfbc5 land=1478803 manifest_land=1478803 OK state=0x97b1e35c0be66925 state_cpu=0x97b1e35c0be66925 synth=0x1adf2f684a95460c synth_cpu=0x1adf2f684a95460c
# blacksea normal 1500x1100 tiles=1650000 chunks=403 hash=0x06456e960d8d6959 land=1165868 manifest_land=1165868 OK state=0x26edaaf2ab34c7a5 state_cpu=0x26edaaf2ab34c7a5 synth=0xc9eb6cab72794e15 synth_cpu=0xc9eb6cab72794e15
# bosphorusstraits normal 1000x612 tiles=612000 chunks=150 hash=0x8ea730dab4512a83 land=382332 manifest_land=382332 OK state=0xe4c42f3721820c25 state_cpu=0xe4c42f3721820c25 synth=0x5e22329f07559c3c synth_cpu=0x5e22329f07559c3c
# britannia normal 1600x2088 tiles=3340800 chunks=816 hash=0x231f3206b12585c4 land=1183898 manifest_land=1183898 OK state=0x63acd0b732073325 state_cpu=0x63acd0b732073325 synth=0x5e24fcea143bae47 synth_cpu=0x5e24fcea143bae47
# britanniaclassic normal 2000x1396 tiles=2792000 chunks=682 hash=0xd73fe95ad18f4739 land=933571 manifest_land=933571 OK state=0xe3be4f7c4c12fd25 state_cpu=0xe3be4f7c4c12fd25 synth=0x3c75623324d72435 synth_cpu=0x3c75623324d72435
# caribbean normal 3200x1808 tiles=5785600 chunks=1413 hash=0xd07f95cf650eec4a land=577573 manifest_land=577573 OK state=0x9db9309874c56325 state_cpu=0x9db9309874c56325 synth=0x11c370f0adf2b1fa synth_cpu=0x11c370f0adf2b1fa
# caspiansea normal 1008x1728 tiles=1741824 chunks=426 hash=0xc89ddc80deabf298 land=951192 manifest_land=951192 OK state=0xcbc71acb87054325 state_cpu=0xcbc71acb87054325 synth=0xa603a2445dc6c70c synth_cpu=0xa603a2445dc6c70c
# caucasus normal 1248x1000 tiles=1248000 chunks=305 hash=0x36d680bf4209231c land=846140 manifest_land=846140 OK state=0x1cac5ed10e9cdb25 state_cpu=0x1cac5ed10e9cdb25 synth=0x35d327a59f843770 synth_cpu=0x35d327a59f843770
# china normal 2080x1892 tiles=3935360 chunks=961 hash=0x513241d9d838f3a6 land=3344522 manifest_land=1867569 OK state=0xafd506c5f5719725 state_cpu=0xafd506c5f5719725 synth=0x6e82d2cd56372375 synth_cpu=0x6e82d2cd56372375
# choppingblock normal 1616x1616 tiles=2611456 chunks=638 hash=0x8349b917e20753d3 land=1485703 manifest_land=1485703 OK state=0xf3fbfcc3c6c70b25 state_cpu=0xf3fbfcc3c6c70b25 synth=0x6815411e48d5cce5 synth_cpu=0x6815411e48d5cce5
# conakry normal 2456x1000 tiles=2456000 chunks=600 hash=0xc3eff4a6b55791c3 land=1108371 manifest_land=1108371 OK state=0xcd07b4ef7b846925 state_cpu=0xcd07b4ef7b846925 synth=0x93edf60fe40bddaa synth_cpu=0x93edf60fe40bddaa
# danishstraits normal 872x1224 tiles=1067328 chunks=261 hash=0x7820033d5bee5813 land=587312 manifest_land=587312 OK state=0x5e6dcf6a5d935525 state_cpu=0x5e6dcf6a5d935525 synth=0x71d266e850145141 synth_cpu=0x71d266e850145141
# deglaciatedantarctica normal 2300x1840 tiles=4232000 chunks=1034 hash=0xe0793d07e1289dfa land=1079790 manifest_land=1079790 OK state=0xb9966f348a9ce525 state_cpu=0xb9966f348a9ce525 synth=0xa53fbb1017cf86de synth_cpu=0xa53fbb1017cf86de
# didier normal 1500x1348 tiles=2022000 chunks=494 hash=0x37b198e30eafd36d land=1122321 manifest_land=1122321 OK state=0x330b795eaf3a34a5 state_cpu=0x330b795eaf3a34a5 synth=0xb9d6520dc1a43ba9 synth_cpu=0xb9d6520dc1a43ba9
# didierfrance normal 2100x2248 tiles=4720800 chunks=1153 hash=0x8334759d56e1aa3a land=2303633 manifest_land=2303633 OK state=0xfe76b5ad3a73dc25 state_cpu=0xfe76b5ad3a73dc25 synth=0xb0c612ae0ab221e5 synth_cpu=0xb0c612ae0ab221e5
# dyslexdria normal 3080x1344 tiles=4139520 chunks=1011 hash=0x72413cc683385a04 land=1893666 manifest_land=1893666 OK state=0xbee48e845c7eb325 state_cpu=0xbee48e845c7eb325 synth=0x2921ba9506c78fc9 synth_cpu=0x2921ba9506c78fc9
# eastasia normal 1560x1644 tiles=2564640 chunks=627 hash=0x717e72e9b1abed63 land=879264 manifest_land=879264 OK state=0x49bc684574d05825 state_cpu=0x49bc684574d05825 synth=0x37863f117732246b synth_cpu=0x37863f117732246b
# europe normal 2904x1672 tiles=4855488 chunks=1186 hash=0x51959f0acc2f82ba land=2345907 manifest_land=2345907 OK state=0x44fddd500f63f125 state_cpu=0x44fddd500f63f125 synth=0xdeebbbcf240c5af2 synth_cpu=0xdeebbbcf240c5af2
# europeclassic normal 2000x1000 tiles=2000000 chunks=489 hash=0x20f95d0114d2a48a land=1008469 manifest_land=1008469 OK state=0x1a732cf0313c5725 state_cpu=0x1a732cf0313c5725 synth=0x3fc7b6172a882fac synth_cpu=0x3fc7b6172a882fac
# falklandislands normal 2100x1400 tiles=2940000 chunks=718 hash=0x7e8ca13eff112a91 land=746474 manifest_land=746474 OK state=0xdce76ce9b3583225 state_cpu=0xdce76ce9b3583225 synth=0x20652b5b45cc98eb synth_cpu=0x20652b5b45cc98eb
# faroeislands normal 1600x2000 tiles=3200000 chunks=782 hash=0xbd9f4589ceeb7e90 land=424994 manifest_land=424994 OK state=0x43a426e09d3f4325 state_cpu=0x43a426e09d3f4325 synth=0xee8956e1c2499b47 synth_cpu=0xee8956e1c2499b47
# fourislands normal 1500x1500 tiles=2250000 chunks=550 hash=0xe3213cbb88e84745 land=517044 manifest_land=517044 OK state=0x93b540b0faeb3da5 state_cpu=0x93b540b0faeb3da5 synth=0x945c87d1247a60fc synth_cpu=0x945c87d1247a60fc
# gatewaytotheatlantic normal 2216x1968 tiles=4361088 chunks=1065 hash=0x76eafdf188236a11 land=2239824 manifest_land=2239824 OK state=0xd553301d26b26f25 state_cpu=0xd553301d26b26f25 synth=0x6c5e226ed8d38702 synth_cpu=0x6c5e226ed8d38702
# giantworldmap normal 4108x1948 tiles=8002384 chunks=1954 hash=0xb2f4fcf9ca6ec115 land=2335403 manifest_land=2335403 OK state=0xb4ef90a0509bf7a5 state_cpu=0xb4ef90a0509bf7a5 synth=0xc599d2f192c2a988 synth_cpu=0xc599d2f192c2a988
# greatlakes normal 2000x1300 tiles=2600000 chunks=635 hash=0xd858bdae5fd9d363 land=1938051 manifest_land=1938051 OK state=0x8b37c2039c73cd25 state_cpu=0x8b37c2039c73cd25 synth=0xdca5315b63859caf synth_cpu=0xdca5315b63859caf
# gulfofstlawrence normal 1620x1348 tiles=2183760 chunks=534 hash=0x1688ea5106416086 land=874011 manifest_land=874011 OK state=0x608bb054c8fd8fa5 state_cpu=0x608bb054c8fd8fa5 synth=0xe200d6b7ce9b38a8 synth_cpu=0xe200d6b7ce9b38a8
# halkidiki normal 2200x1760 tiles=3872000 chunks=946 hash=0xa1dbd087c3816b49 land=1728899 manifest_land=1728899 OK state=0x3f97af697f7c6b25 state_cpu=0x3f97af697f7c6b25 synth=0x4bcf4529f370fdb8 synth_cpu=0x4bcf4529f370fdb8
# hawaii normal 3200x2076 tiles=6643200 chunks=1622 hash=0x8494cf163acd0dcc land=408264 manifest_land=408264 OK state=0x9011ca69f612d325 state_cpu=0x9011ca69f612d325 synth=0x918887557606faa2 synth_cpu=0x918887557606faa2
# hongkong normal 2780x1996 tiles=5548880 chunks=1355 hash=0x6bafbddbed53b841 land=2260689 manifest_land=2260689 OK state=0xa37d7fbf52b277a5 state_cpu=0xa37d7fbf52b277a5 synth=0x1eaf1004dceeb56f synth_cpu=0x1eaf1004dceeb56f
# iceland normal 2000x1500 tiles=3000000 chunks=733 hash=0x7d400c9d5896eabb land=1069645 manifest_land=1069645 OK state=0xb2b11c097f077125 state_cpu=0xb2b11c097f077125 synth=0x95426088ae783ca8 synth_cpu=0x95426088ae783ca8
# indiansubcontinent normal 2000x2220 tiles=4440000 chunks=1084 hash=0xa4a73db56a455b76 land=2113509 manifest_land=2113509 OK state=0xcb8fa8cfac315925 state_cpu=0xcb8fa8cfac315925 synth=0xa6b02f1667afe285 synth_cpu=0xa6b02f1667afe285
# italia normal 1360x1272 tiles=1729920 chunks=423 hash=0x7d2410ce72bac2b2 land=775663 manifest_land=775663 OK state=0x3ca427e172ba7f25 state_cpu=0x3ca427e172ba7f25 synth=0xa8910269bc4b23b0 synth_cpu=0xa8910269bc4b23b0
# japan normal 2500x2500 tiles=6250000 chunks=1526 hash=0x75c045a78ae690ae land=478894 manifest_land=478894 OK state=0x85b064bbf8e3a5a5 state_cpu=0x85b064bbf8e3a5a5 synth=0x63726a2001e76eb7 synth_cpu=0x63726a2001e76eb7
# juandefucastrait normal 3000x1100 tiles=3300000 chunks=806 hash=0x27c31912b6ebdd38 land=1666141 manifest_land=1666141 OK state=0x238e6cb28b16ac25 state_cpu=0x238e6cb28b16ac25 synth=0x343b812e4873e325 synth_cpu=0x343b812e4873e325
# korea normal 1092x2148 tiles=2345616 chunks=573 hash=0xdfcfe7ce123a7137 land=1193914 manifest_land=1193914 OK state=0xadbbb49bbd9c19a5 state_cpu=0xadbbb49bbd9c19a5 synth=0x8f0d5f0ad9f29205 synth_cpu=0x8f0d5f0ad9f29205
# labyrinth normal 1360x1360 tiles=1849600 chunks=452 hash=0x7c58ecbeaf37ae7c land=1524448 manifest_land=1524448 OK state=0x13d9f95672160b25 state_cpu=0x13d9f95672160b25 synth=0x2c303b42365c252f synth_cpu=0x2c303b42365c252f
# lemnos normal 1748x1420 tiles=2482160 chunks=606 hash=0x71e51282fc741b2f land=874763 manifest_land=874763 OK state=0x64d5bb3d902d90a5 state_cpu=0x64d5bb3d902d90a5 synth=0xaf28d89eeb0e25cd synth_cpu=0xaf28d89eeb0e25cd
# levant normal 2000x2000 tiles=4000000 chunks=977 hash=0xe6875178c53f9840 land=2173100 manifest_land=2173100 OK state=0xbb2c88d651a68b25 state_cpu=0xbb2c88d651a68b25 synth=0x02e9e690bdb08904 synth_cpu=0x02e9e690bdb08904
# lisbon normal 1600x1600 tiles=2560000 chunks=625 hash=0xa8399d1d18732f3d land=1495857 manifest_land=1495857 OK state=0x386b438fa36ca325 state_cpu=0x386b438fa36ca325 synth=0x46af23e42a210dd9 synth_cpu=0x46af23e42a210dd9
# losangeles normal 1800x2276 tiles=4096800 chunks=1001 hash=0xbcb28f6454d3176f land=2066165 manifest_land=2055581 OK state=0xc2c70d969a228025 state_cpu=0xc2c70d969a228025 synth=0x76afe8e2da8a67cb synth_cpu=0x76afe8e2da8a67cb
# luna normal 1308x3508 tiles=4588464 chunks=1121 hash=0x6eae9ad7f8036c29 land=1517614 manifest_land=1517614 OK state=0xdb6de42fc42d66a5 state_cpu=0xdb6de42fc42d66a5 synth=0x4daa8ef721a39b7d synth_cpu=0x4daa8ef721a39b7d
# manicouagan normal 1600x1600 tiles=2560000 chunks=625 hash=0xe9978f6e06263019 land=1992029 manifest_land=1992029 OK state=0x386b438fa36ca325 state_cpu=0x386b438fa36ca325 synth=0x46af23e42a210dd9 synth_cpu=0x46af23e42a210dd9
# marenostrum normal 2848x1448 tiles=4123904 chunks=1007 hash=0x60e6ff672cdf3956 land=2644620 manifest_land=2644620 OK state=0xf65417ca6f9e2b25 state_cpu=0xf65417ca6f9e2b25 synth=0x5dcf4d6644efcf09 synth_cpu=0x5dcf4d6644efcf09
# mars normal 2000x1000 tiles=2000000 chunks=489 hash=0xd6a314b4a17b12e5 land=1354047 manifest_land=1354047 OK state=0x1a732cf0313c5725 state_cpu=0x1a732cf0313c5725 synth=0x3fc7b6172a882fac synth_cpu=0x3fc7b6172a882fac
# mena normal 2200x964 tiles=2120800 chunks=518 hash=0x4bbda760adeb2ddb land=1621317 manifest_land=1621317 OK state=0xe54d53d78fe43225 state_cpu=0xe54d53d78fe43225 synth=0xe05a9076e18f1290 synth_cpu=0xe05a9076e18f1290
# middleeast normal 2200x2060 tiles=4532000 chunks=1107 hash=0x9248e8077e76f81a land=3449078 manifest_land=3449078 OK state=0xf943bee6c6b82025 state_cpu=0xf943bee6c6b82025 synth=0xcf60f8a3dbc02248 synth_cpu=0xcf60f8a3dbc02248
# milkyway normal 1500x1500 tiles=2250000 chunks=550 hash=0x25ac051c17d102b7 land=442979 manifest_land=442979 OK state=0x93b540b0faeb3da5 state_cpu=0x93b540b0faeb3da5 synth=0x945c87d1247a60fc synth_cpu=0x945c87d1247a60fc
# mississippiriver normal 400x4200 tiles=1680000 chunks=411 hash=0xf5e08e3a1153b82a land=1500944 manifest_land=1500944 OK state=0x6f0dc60204930725 state_cpu=0x6f0dc60204930725 synth=0xc707b3cc0ec7d112 synth_cpu=0xc707b3cc0ec7d112
# montreal normal 1528x1500 tiles=2292000 chunks=560 hash=0x535d1b2d3c092bb5 land=1954940 manifest_land=1954940 OK state=0x706b456a7a26f025 state_cpu=0x706b456a7a26f025 synth=0x92c8563c6b3df1f2 synth_cpu=0x92c8563c6b3df1f2
# newyorkcity normal 1500x1900 tiles=2850000 chunks=696 hash=0x17500bcbf80f02ad land=1648646 manifest_land=1648646 OK state=0x9be2d58d2235b3a5 state_cpu=0x9be2d58d2235b3a5 synth=0x8b4af5dd610e8ddf synth_cpu=0x8b4af5dd610e8ddf
# niledelta normal 1556x1280 tiles=1991680 chunks=487 hash=0x2d0f190631488004 land=1363238 manifest_land=1363238 OK state=0x840c4bbcb70dc325 state_cpu=0x840c4bbcb70dc325 synth=0x1d45e7c0e0ebd540 synth_cpu=0x1d45e7c0e0ebd540
# northamerica normal 2800x1448 tiles=4054400 chunks=990 hash=0x9c36e813c33861a2 land=1243929 manifest_land=1243929 OK state=0x59f4d5c301ad3f25 state_cpu=0x59f4d5c301ad3f25 synth=0xadf41220a06101ba synth_cpu=0xadf41220a06101ba
# northwestpassage normal 2500x1664 tiles=4160000 chunks=1016 hash=0xf1fc1feaad0e78c7 land=1569905 manifest_land=1569905 OK state=0xe508b4beb97b3325 state_cpu=0xe508b4beb97b3325 synth=0x2b9acb3ff874da9a synth_cpu=0x2b9acb3ff874da9a
# oceania normal 2000x1000 tiles=2000000 chunks=489 hash=0xbcf9688cbd4d8d62 land=194648 manifest_land=194648 OK state=0x1a732cf0313c5725 state_cpu=0x1a732cf0313c5725 synth=0x3fc7b6172a882fac synth_cpu=0x3fc7b6172a882fac
# onion normal 512x512 tiles=262144 chunks=64 hash=0x98dc7bbacf48d031 land=210555 manifest_land=210555 OK state=0xfc31bff590c22325 state_cpu=0xfc31bff590c22325 synth=0x737af3c7b4c55049 synth_cpu=0x737af3c7b4c55049
# pangaea normal 1000x1000 tiles=1000000 chunks=245 hash=0xebffa87c2568cc58 land=420335 manifest_land=420335 OK state=0x6334dfb980453d25 state_cpu=0x6334dfb980453d25 synth=0x10128f2eb51da172 synth_cpu=0x10128f2eb51da172
# passage normal 6000x400 tiles=2400000 chunks=586 hash=0x0e5e8aedd528e1fc land=803994 manifest_land=803994 OK state=0x220acbc2c817fb25 state_cpu=0x220acbc2c817fb25 synth=0xa4f062641525674d synth_cpu=0xa4f062641525674d
# pluto normal 2100x1300 tiles=2730000 chunks=667 hash=0x15e842ba9e37eef3 land=1987279 manifest_land=1987279 OK state=0x4e52e222902535a5 state_cpu=0x4e52e222902535a5 synth=0xd1e35129635bf6f4 synth_cpu=0xd1e35129635bf6f4
# sanfrancisco normal 2000x1700 tiles=3400000 chunks=831 hash=0xf5569d1240ae6dea land=1887961 manifest_land=1887961 OK state=0x9c829c81396b1525 state_cpu=0x9c829c81396b1525 synth=0xf7f36371695eb2e5 synth_cpu=0xf7f36371695eb2e5
# sierpinski normal 1400x1400 tiles=1960000 chunks=479 hash=0xa6949aeed24d459d land=582988 manifest_land=582988 OK state=0xfb040e5fb5612d25 state_cpu=0xfb040e5fb5612d25 synth=0xb4a652051f52b674 synth_cpu=0xb4a652051f52b674
# southamerica normal 1744x2376 tiles=4143744 chunks=1012 hash=0x4afb8cf93f47702d land=1411064 manifest_land=1411064 OK state=0xf9c09c76443ac725 state_cpu=0xf9c09c76443ac725 synth=0xb4a2f965ad0d34c0 synth_cpu=0xb4a2f965ad0d34c0
# southeastasia normal 2812x1672 tiles=4701664 chunks=1148 hash=0xad3181897acb2fa4 land=977094 manifest_land=977094 OK state=0xa95597a7b7abee25 state_cpu=0xa95597a7b7abee25 synth=0x30b2abc967d289e9 synth_cpu=0x30b2abc967d289e9
# straitofgibraltar normal 2900x1476 tiles=4280400 chunks=1046 hash=0xcf6394479f8a587d land=1957694 manifest_land=1957694 OK state=0x8d2e79826f2f3fa5 state_cpu=0x8d2e79826f2f3fa5 synth=0xaac739cf308f2e37 synth_cpu=0xaac739cf308f2e37
# straitofhormuz normal 1800x1200 tiles=2160000 chunks=528 hash=0x1e31b7e3873b8a36 land=1255327 manifest_land=1255327 OK state=0xad27e4fe6970ff25 state_cpu=0xad27e4fe6970ff25 synth=0x34fbe4b5859decb0 synth_cpu=0x34fbe4b5859decb0
# straitofmalacca normal 1832x1644 tiles=3011808 chunks=736 hash=0xf8166c02d20e905c land=865820 manifest_land=865820 OK state=0xe30c1026c5918625 state_cpu=0xe30c1026c5918625 synth=0x58d24e2e58e7e010 synth_cpu=0x58d24e2e58e7e010
# surrounded normal 1976x1976 tiles=3904576 chunks=954 hash=0xe16d2e09da0f71d4 land=767607 manifest_land=767607 OK state=0x734d2d53fdc80d25 state_cpu=0x734d2d53fdc80d25 synth=0x9bdeded1994290f9 synth_cpu=0x9bdeded1994290f9
# svalmel normal 1700x1580 tiles=2686000 chunks=656 hash=0xd49acaed426ed3b3 land=1011623 manifest_land=1011623 OK state=0x30b0bc8b9883baa5 state_cpu=0x30b0bc8b9883baa5 synth=0xba6fdc5deb285957 synth_cpu=0xba6fdc5deb285957
# taiwanstrait normal 1600x1600 tiles=2560000 chunks=625 hash=0xdfd9a80843699974 land=907469 manifest_land=907469 OK state=0x386b438fa36ca325 state_cpu=0x386b438fa36ca325 synth=0x46af23e42a210dd9 synth_cpu=0x46af23e42a210dd9
# thebox normal 2048x2048 tiles=4194304 chunks=1024 hash=0xf1d8cf5294222325 land=4194304 manifest_land=4194304 OK state=0x637a2df54e222325 state_cpu=0x637a2df54e222325 synth=0xb63211df99ea53ef synth_cpu=0xb63211df99ea53ef
# tierradelfuego normal 2504x1664 tiles=4166656 chunks=1018 hash=0x9e5aaf6138102df7 land=2193158 manifest_land=822917 OK state=0xcaa8d8263bcd4325 state_cpu=0xcaa8d8263bcd4325 synth=0x9a8f4722288599bd synth_cpu=0x9a8f4722288599bd
# titan normal 1232x2160 tiles=2661120 chunks=650 hash=0x1e4d1996fe7f9b45 land=1627144 manifest_land=1627144 OK state=0xa197d53b92ab5b25 state_cpu=0xa197d53b92ab5b25 synth=0x3aeee4e54929ca4e synth_cpu=0x3aeee4e54929ca4e
# tourney1 normal 1500x1500 tiles=2250000 chunks=550 hash=0x9666d90761219636 land=984577 manifest_land=984577 OK state=0x93b540b0faeb3da5 state_cpu=0x93b540b0faeb3da5 synth=0x945c87d1247a60fc synth_cpu=0x945c87d1247a60fc
# tourney2 normal 1500x1500 tiles=2250000 chunks=550 hash=0x82e7e0e3439d5fdc land=1024327 manifest_land=1024327 OK state=0x93b540b0faeb3da5 state_cpu=0x93b540b0faeb3da5 synth=0x945c87d1247a60fc synth_cpu=0x945c87d1247a60fc
# tourney3 normal 1500x1500 tiles=2250000 chunks=550 hash=0x5d870e98cb065149 land=1008007 manifest_land=1008007 OK state=0x93b540b0faeb3da5 state_cpu=0x93b540b0faeb3da5 synth=0x945c87d1247a60fc synth_cpu=0x945c87d1247a60fc
# tourney4 normal 1500x1500 tiles=2250000 chunks=550 hash=0xcc32b0818acde88a land=905705 manifest_land=905705 OK state=0x93b540b0faeb3da5 state_cpu=0x93b540b0faeb3da5 synth=0x945c87d1247a60fc synth_cpu=0x945c87d1247a60fc
# tradersdream normal 2200x1920 tiles=4224000 chunks=1032 hash=0x768f4da073c5cd90 land=972041 manifest_land=972041 OK state=0x9f28b19256904325 state_cpu=0x9f28b19256904325 synth=0xaf506916f5fc4777 synth_cpu=0xaf506916f5fc4777
# twolakes normal 2100x1840 tiles=3864000 chunks=944 hash=0x16ab7de976d5c525 land=3426935 manifest_land=3426935 OK state=0x5a632f9f6793c925 state_cpu=0x5a632f9f6793c925 synth=0xd104e9bbb30aacb0 synth_cpu=0xd104e9bbb30aacb0
# unitedstates normal 2800x1548 tiles=4334400 chunks=1059 hash=0x0357b1ee80165d62 land=2585893 manifest_land=1868914 OK state=0x789701e28c8b6525 state_cpu=0x789701e28c8b6525 synth=0x3df8f51c005ea871 synth_cpu=0x3df8f51c005ea871
# venice normal 2000x1500 tiles=3000000 chunks=733 hash=0xf5a72510a75bbb5a land=823860 manifest_land=823860 OK state=0xb2b11c097f077125 state_cpu=0xb2b11c097f077125 synth=0x95426088ae783ca8 synth_cpu=0x95426088ae783ca8
# warshipwarship normal 3000x1396 tiles=4188000 chunks=1023 hash=0x27ec0ee2f3c05950 land=1122343 manifest_land=1122343 OK state=0xbc013bf8c4faea25 state_cpu=0xbc013bf8c4faea25 synth=0xb26c2cbea42acb88 synth_cpu=0xb26c2cbea42acb88
# world normal 2000x1000 tiles=2000000 chunks=489 hash=0xf46bd55d2054841a land=651569 manifest_land=651569 OK state=0x1a732cf0313c5725 state_cpu=0x1a732cf0313c5725 synth=0x3fc7b6172a882fac synth_cpu=0x3fc7b6172a882fac
# worldinverted normal 2500x1248 tiles=3120000 chunks=762 hash=0xc644359365e27974 land=1561762 manifest_land=1561762 OK state=0x30e1972d94ecef25 state_cpu=0x30e1972d94ecef25 synth=0xa17ddf64a5270200 synth_cpu=0xa17ddf64a5270200
# yellowsea normal 1500x1152 tiles=1728000 chunks=422 hash=0xf8cc06a9bc164a79 land=1042745 manifest_land=1042745 OK state=0xed345acdc95ad325 state_cpu=0xed345acdc95ad325 synth=0xc1e23e5f7b97dc1d synth_cpu=0xc1e23e5f7b97dc1d
# yenisei normal 1200x1500 tiles=1800000 chunks=440 hash=0x6ee8fb77f99cb14a land=1207315 manifest_land=1207315 OK state=0x8be1252c5ebc8525 state_cpu=0x8be1252c5ebc8525 synth=0xdad601485d86f31c synth_cpu=0xdad601485d86f31c
sweep_pass 100 sweep_fail 0
